exports[`test renders without crashing 1`] = `
<div
  className="Loading">
  Loading...
</div>
`;
